<html>
<body>
<pre>
<h1>µVision Build Log</h1>
<h2>Tool Versions:</h2>
IDE-Version: ÂµVision V5.39.0.0
Copyright (C) 2023 ARM Ltd and ARM Germany GmbH. All rights reserved.
License Information: Ozgur Uzun, HAN, LIC=HF82M-XN06Q-BX3UY-IA3HW-XIRFB-EL5E5
 
Tool Versions:
Toolchain:       MDK-ARM Professional  Version: 5.39.0.0
Toolchain Path:  C:\Keil_v5\ARM\ARMCLANG\Bin
C Compiler:      ArmClang.exe V6.21
Assembler:       Armasm.exe V6.21
Linker/Locator:  ArmLink.exe V6.21
Library Manager: ArmAr.exe V6.21
Hex Converter:   FromElf.exe V6.21
CPU DLL:         SARMCM3.DLL V5.39.0.0
Dialog DLL:      DARMCM1.DLL V1.19.6.0
Target DLL:      CMSIS_AGDI.dll V1.33.16.0
Dialog DLL:      TARMCM1.DLL V1.14.6.0
 
<h2>Project:</h2>
C:\Users\Bars\Desktop\School\S2\PRJ\laughing-fishstick\keil project\project.uvprojx
Project File Date:  06/12/2024

<h2>Output:</h2>
*** Using Compiler 'V6.21', folder: 'C:\Keil_v5\ARM\ARMCLANG\Bin'
Rebuild target 'Target 1'
compiling queue.c...
compiling S_NO.cpp...
compiling servo.c...
compiling uart0.c...
compiling at24c256.cpp...
compiling i2c0.c...
compiling RandomNumberGenerator.cpp...
compiling dataMC.cpp...
compiling S_Init.cpp...
compiling S_HOT_COLD.cpp...
compiling S_WAYPOINT.cpp...
compiling S_ENDGAME.cpp...
compiling S_ERROR.cpp...
compiling main.cpp...
compiling GameData.cpp...
compiling delay.cpp...
compiling Initializers.cpp...
compiling S_QRCODE.cpp...
compiling Controls.cpp...
compiling S_SEARCH.cpp...
compiling S_SETUP.cpp...
compiling fonts.c...
compiling GPS.c...
compiling Display.cpp...
compiling i2c1.c...
assembling startup_MKL25Z4.s...
compiling system_MKL25Z4.c...
compiling ssd1306.cpp...
compiling temp.cpp...
linking...
Program Size: Code=35292 RO-data=13172 RW-data=20 ZI-data=6124  
".\Objects\project.axf" - 0 Error(s), 0 Warning(s).

<h2>Software Packages used:</h2>

Package Vendor: ARM
                http://www.keil.com/pack/ARM.CMSIS.5.9.0.pack
                ARM::CMSIS@5.9.0
                CMSIS (Common Microcontroller Software Interface Standard)
   * Component: CORE Version: 5.6.0

Package Vendor: Keil
                https://www.keil.com/pack/Keil.Kinetis_KLxx_DFP.1.15.1.pack
                Keil::Kinetis_KLxx_DFP@1.15.1
                NXP Kinetis KLxx Series Device Support and Examples
   * Component: Startup Version: 2.5.0

<h2>Collection of Component include folders:</h2>
  ./RTE/Device/MKL25Z128xxx4
  ./RTE/_Target_1
  C:/Users/Bars/Desktop/School/S2/MIC/MDK-ARM/ARM/CMSIS/5.9.0/CMSIS/Core/Include
  C:/Users/Bars/Desktop/School/S2/MIC/MDK-ARM/Keil/Kinetis_KLxx_DFP/1.15.1/Device/Include

<h2>Collection of Component Files used:</h2>

   * Component: ARM::CMSIS:CORE@5.6.0

   * Component: Keil::Device:Startup@2.5.0
      Source file:   Device/Source/system_MKL25Z4.c
      Include file:  Device/Source/system_MKL25Z4.h
      Source file:   Device/Source/ARM/startup_MKL25Z4.s
Build Time Elapsed:  00:00:03
</pre>
</body>
</html>
