<html>
<body>
<pre>
<h1>µVision Build Log</h1>
<h2>Tool Versions:</h2>
IDE-Version: ÂµVision V5.39.0.0
Copyright (C) 2023 ARM Ltd and ARM Germany GmbH. All rights reserved.
License Information: Ozgur Uzun, HAN, LIC=----
 
Tool Versions:
Toolchain:       MDK-Lite  Version: 5.39.0.0
Toolchain Path:  C:\Keil_v5\ARM\ARMCLANG\Bin
C Compiler:      ArmClang.exe V6.21
Assembler:       Armasm.exe V6.21
Linker/Locator:  ArmLink.exe V6.21
Library Manager: ArmAr.exe V6.21
Hex Converter:   FromElf.exe V6.21
CPU DLL:         SARMCM3.DLL V5.39.0.0
Dialog DLL:      DARMCM1.DLL V1.19.6.0
Target DLL:      CMSIS_AGDI.dll V1.33.16.0
Dialog DLL:      TARMCM1.DLL V1.14.6.0
 
<h2>Project:</h2>
C:\Users\Bars\Desktop\School\S2\PRJ\laughing-fishstick\keil project\project.uvprojx
Project File Date:  05/18/2024

<h2>Output:</h2>
*** Using Compiler 'V6.21', folder: 'C:\Keil_v5\ARM\ARMCLANG\Bin'
Build target 'Target 1'
Note: source file '..\Source\pc communication\Microcontroller\dataMC.hpp' - object file renamed from '.\Objects\dataMC.o' to '.\Objects\datamc_1.o'.
Note: source file '..\Source\Display.hpp' - object file renamed from '.\Objects\Display.o' to '.\Objects\display_1.o'.
Note: source file '..\Source\PIT.hpp' - object file renamed from '.\Objects\PIT.o' to '.\Objects\pit_1.o'.
Note: source file '..\Source\RandomNumberGenerator.hpp' - object file renamed from '.\Objects\RandomNumberGenerator.o' to '.\Objects\randomnumbergenerator_1.o'.
compiling Initializers.c...
compiling StateMachineInternals.hpp...
compiling main.cpp...
compiling RandomNumberGenerator.hpp...
compiling system_MKL25Z4.c...
compiling RandomNumberGenerator.cpp...
compiling User.hpp...
compiling GPSLocation.hpp...
compiling PIT.hpp...
compiling PIT.cpp...
compiling GameData.hpp...
linking...
Program Size: Code=24328 RO-data=1552 RW-data=16 ZI-data=1752  
".\Objects\project.axf" - 0 Error(s), 0 Warning(s).

<h2>Software Packages used:</h2>

Package Vendor: ARM
                http://www.keil.com/pack/ARM.CMSIS.5.9.0.pack
                ARM::CMSIS@5.9.0
                CMSIS (Common Microcontroller Software Interface Standard)
   * Component: CORE Version: 5.6.0

Package Vendor: Keil
                https://www.keil.com/pack/Keil.Kinetis_KLxx_DFP.1.15.1.pack
                Keil::Kinetis_KLxx_DFP@1.15.1
                NXP Kinetis KLxx Series Device Support and Examples
   * Component: Startup Version: 2.5.0

<h2>Collection of Component include folders:</h2>
  ./RTE/Device/MKL25Z128xxx4
  ./RTE/_Target_1
  C:/Users/Bars/Desktop/School/S2/MIC/MDK-ARM/ARM/CMSIS/5.9.0/CMSIS/Core/Include
  C:/Users/Bars/Desktop/School/S2/MIC/MDK-ARM/Keil/Kinetis_KLxx_DFP/1.15.1/Device/Include

<h2>Collection of Component Files used:</h2>

   * Component: ARM::CMSIS:CORE@5.6.0

   * Component: Keil::Device:Startup@2.5.0
      Source file:   Device/Source/ARM/startup_MKL25Z4.s
      Source file:   Device/Source/system_MKL25Z4.c
      Include file:  Device/Source/system_MKL25Z4.h
Build Time Elapsed:  00:00:03
</pre>
</body>
</html>
